[16:35:08.599] === LOGGER START dev=/dev/cu.usbmodem101 baud=115200 env=pizero_stream_60 git=cae8927+dirty ===
[16:35:08.608] === PORT OPENED ===
[19:28:47.387] === PORT ERROR: SerialException: read failed: [Errno 6] Device not configured ===
[19:28:49.394] === PORT ERROR: SerialException: [Errno 2] could not open port /dev/cu.usbmodem101: [Errno 2] No such file or directory: '/dev/cu.usbmodem101' ===
[19:28:51.399] === PORT ERROR: SerialException: [Errno 2] could not open port /dev/cu.usbmodem101: [Errno 2] No such file or directory: '/dev/cu.usbmodem101' ===
[19:28:53.407] === PORT ERROR: SerialException: [Errno 2] could not open port /dev/cu.usbmodem101: [Errno 2] No such file or directory: '/dev/cu.usbmodem101' ===
[19:28:55.411] === PORT ERROR: SerialException: [Errno 2] could not open port /dev/cu.usbmodem101: [Errno 2] No such file or directory: '/dev/cu.usbmodem101' ===
[19:28:57.422] === PORT ERROR: SerialException: [Errno 2] could not open port /dev/cu.usbmodem101: [Errno 2] No such file or directory: '/dev/cu.usbmodem101' ===
[19:28:59.430] === PORT ERROR: SerialException: [Errno 2] could not open port /dev/cu.usbmodem101: [Errno 2] No such file or directory: '/dev/cu.usbmodem101' ===
[19:29:01.439] === PORT ERROR: SerialException: [Errno 2] could not open port /dev/cu.usbmodem101: [Errno 2] No such file or directory: '/dev/cu.usbmodem101' ===
[19:29:03.448] === PORT ERROR: SerialException: [Errno 2] could not open port /dev/cu.usbmodem101: [Errno 2] No such file or directory: '/dev/cu.usbmodem101' ===
[19:29:05.456] === PORT ERROR: SerialException: [Errno 2] could not open port /dev/cu.usbmodem101: [Errno 2] No such file or directory: '/dev/cu.usbmodem101' ===
[19:29:07.462] === PORT ERROR: SerialException: [Errno 2] could not open port /dev/cu.usbmodem101: [Errno 2] No such file or directory: '/dev/cu.usbmodem101' ===
[19:29:09.469] === PORT ERROR: SerialException: [Errno 2] could not open port /dev/cu.usbmodem101: [Errno 2] No such file or directory: '/dev/cu.usbmodem101' ===
[19:29:11.472] === PORT ERROR: SerialException: [Errno 2] could not open port /dev/cu.usbmodem101: [Errno 2] No such file or directory: '/dev/cu.usbmodem101' ===
[19:29:13.481] === PORT ERROR: SerialException: [Errno 2] could not open port /dev/cu.usbmodem101: [Errno 2] No such file or directory: '/dev/cu.usbmodem101' ===
[19:29:15.488] === PORT ERROR: SerialException: [Errno 2] could not open port /dev/cu.usbmodem101: [Errno 2] No such file or directory: '/dev/cu.usbmodem101' ===
[19:29:17.497] === PORT ERROR: SerialException: [Errno 2] could not open port /dev/cu.usbmodem101: [Errno 2] No such file or directory: '/dev/cu.usbmodem101' ===
[19:29:19.507] === PORT ERROR: SerialException: [Errno 2] could not open port /dev/cu.usbmodem101: [Errno 2] No such file or directory: '/dev/cu.usbmodem101' ===
[19:29:21.513] === PORT ERROR: SerialException: [Errno 2] could not open port /dev/cu.usbmodem101: [Errno 2] No such file or directory: '/dev/cu.usbmodem101' ===
[19:29:23.519] === PORT ERROR: SerialException: [Errno 2] could not open port /dev/cu.usbmodem101: [Errno 2] No such file or directory: '/dev/cu.usbmodem101' ===
[19:29:25.524] === PORT ERROR: SerialException: [Errno 2] could not open port /dev/cu.usbmodem101: [Errno 2] No such file or directory: '/dev/cu.usbmodem101' ===
[19:29:27.527] === PORT ERROR: SerialException: [Errno 2] could not open port /dev/cu.usbmodem101: [Errno 2] No such file or directory: '/dev/cu.usbmodem101' ===
[19:29:29.530] === PORT ERROR: SerialException: [Errno 2] could not open port /dev/cu.usbmodem101: [Errno 2] No such file or directory: '/dev/cu.usbmodem101' ===
[19:29:31.538] === PORT ERROR: SerialException: [Errno 2] could not open port /dev/cu.usbmodem101: [Errno 2] No such file or directory: '/dev/cu.usbmodem101' ===
[19:29:33.547] === PORT ERROR: SerialException: [Errno 2] could not open port /dev/cu.usbmodem101: [Errno 2] No such file or directory: '/dev/cu.usbmodem101' ===
[19:29:35.548] === PORT ERROR: SerialException: [Errno 2] could not open port /dev/cu.usbmodem101: [Errno 2] No such file or directory: '/dev/cu.usbmodem101' ===
[19:29:37.559] === PORT ERROR: SerialException: [Errno 2] could not open port /dev/cu.usbmodem101: [Errno 2] No such file or directory: '/dev/cu.usbmodem101' ===
[19:29:39.565] === PORT ERROR: SerialException: [Errno 2] could not open port /dev/cu.usbmodem101: [Errno 2] No such file or directory: '/dev/cu.usbmodem101' ===
[19:29:41.576] === PORT ERROR: SerialException: [Errno 2] could not open port /dev/cu.usbmodem101: [Errno 2] No such file or directory: '/dev/cu.usbmodem101' ===
[19:29:43.586] === PORT ERROR: SerialException: [Errno 2] could not open port /dev/cu.usbmodem101: [Errno 2] No such file or directory: '/dev/cu.usbmodem101' ===
[19:29:45.594] === PORT ERROR: SerialException: [Errno 2] could not open port /dev/cu.usbmodem101: [Errno 2] No such file or directory: '/dev/cu.usbmodem101' ===
[19:29:47.602] === PORT ERROR: SerialException: [Errno 2] could not open port /dev/cu.usbmodem101: [Errno 2] No such file or directory: '/dev/cu.usbmodem101' ===
[19:29:49.605] === PORT ERROR: SerialException: [Errno 2] could not open port /dev/cu.usbmodem101: [Errno 2] No such file or directory: '/dev/cu.usbmodem101' ===
[19:29:51.615] === PORT ERROR: SerialException: [Errno 2] could not open port /dev/cu.usbmodem101: [Errno 2] No such file or directory: '/dev/cu.usbmodem101' ===
[19:29:53.619] === PORT ERROR: SerialException: [Errno 2] could not open port /dev/cu.usbmodem101: [Errno 2] No such file or directory: '/dev/cu.usbmodem101' ===
[19:29:55.621] === PORT ERROR: SerialException: [Errno 2] could not open port /dev/cu.usbmodem101: [Errno 2] No such file or directory: '/dev/cu.usbmodem101' ===
[19:29:57.631] === PORT ERROR: SerialException: [Errno 2] could not open port /dev/cu.usbmodem101: [Errno 2] No such file or directory: '/dev/cu.usbmodem101' ===
[19:29:59.638] === PORT ERROR: SerialException: [Errno 2] could not open port /dev/cu.usbmodem101: [Errno 2] No such file or directory: '/dev/cu.usbmodem101' ===
[19:30:01.644] === PORT ERROR: SerialException: [Errno 2] could not open port /dev/cu.usbmodem101: [Errno 2] No such file or directory: '/dev/cu.usbmodem101' ===
[19:30:03.653] === PORT ERROR: SerialException: [Errno 2] could not open port /dev/cu.usbmodem101: [Errno 2] No such file or directory: '/dev/cu.usbmodem101' ===
[19:30:05.657] === PORT ERROR: SerialException: [Errno 2] could not open port /dev/cu.usbmodem101: [Errno 2] No such file or directory: '/dev/cu.usbmodem101' ===
[19:30:07.664] === PORT ERROR: SerialException: [Errno 2] could not open port /dev/cu.usbmodem101: [Errno 2] No such file or directory: '/dev/cu.usbmodem101' ===
[19:30:09.672] === PORT ERROR: SerialException: [Errno 2] could not open port /dev/cu.usbmodem101: [Errno 2] No such file or directory: '/dev/cu.usbmodem101' ===
[19:30:11.679] === PORT ERROR: SerialException: [Errno 2] could not open port /dev/cu.usbmodem101: [Errno 2] No such file or directory: '/dev/cu.usbmodem101' ===
[19:30:13.680] === PORT ERROR: SerialException: [Errno 2] could not open port /dev/cu.usbmodem101: [Errno 2] No such file or directory: '/dev/cu.usbmodem101' ===
[19:30:15.690] === PORT ERROR: SerialException: [Errno 2] could not open port /dev/cu.usbmodem101: [Errno 2] No such file or directory: '/dev/cu.usbmodem101' ===
[19:30:17.694] === PORT ERROR: SerialException: [Errno 2] could not open port /dev/cu.usbmodem101: [Errno 2] No such file or directory: '/dev/cu.usbmodem101' ===
[19:30:19.702] === PORT ERROR: SerialException: [Errno 2] could not open port /dev/cu.usbmodem101: [Errno 2] No such file or directory: '/dev/cu.usbmodem101' ===
[19:30:21.712] === PORT ERROR: SerialException: [Errno 2] could not open port /dev/cu.usbmodem101: [Errno 2] No such file or directory: '/dev/cu.usbmodem101' ===
[19:30:23.722] === PORT ERROR: SerialException: [Errno 2] could not open port /dev/cu.usbmodem101: [Errno 2] No such file or directory: '/dev/cu.usbmodem101' ===
[19:30:25.733] === PORT ERROR: SerialException: [Errno 2] could not open port /dev/cu.usbmodem101: [Errno 2] No such file or directory: '/dev/cu.usbmodem101' ===
[19:30:27.738] === PORT ERROR: SerialException: [Errno 2] could not open port /dev/cu.usbmodem101: [Errno 2] No such file or directory: '/dev/cu.usbmodem101' ===
[19:30:29.746] === PORT ERROR: SerialException: [Errno 2] could not open port /dev/cu.usbmodem101: [Errno 2] No such file or directory: '/dev/cu.usbmodem101' ===
[19:30:31.756] === PORT ERROR: SerialException: [Errno 2] could not open port /dev/cu.usbmodem101: [Errno 2] No such file or directory: '/dev/cu.usbmodem101' ===
[19:30:33.767] === PORT ERROR: SerialException: [Errno 2] could not open port /dev/cu.usbmodem101: [Errno 2] No such file or directory: '/dev/cu.usbmodem101' ===
[19:30:35.778] === PORT ERROR: SerialException: [Errno 2] could not open port /dev/cu.usbmodem101: [Errno 2] No such file or directory: '/dev/cu.usbmodem101' ===
[19:30:37.780] === PORT ERROR: SerialException: [Errno 2] could not open port /dev/cu.usbmodem101: [Errno 2] No such file or directory: '/dev/cu.usbmodem101' ===
[19:30:39.785] === PORT ERROR: SerialException: [Errno 2] could not open port /dev/cu.usbmodem101: [Errno 2] No such file or directory: '/dev/cu.usbmodem101' ===
[19:30:41.794] === PORT ERROR: SerialException: [Errno 2] could not open port /dev/cu.usbmodem101: [Errno 2] No such file or directory: '/dev/cu.usbmodem101' ===
[19:30:43.803] === PORT ERROR: SerialException: [Errno 2] could not open port /dev/cu.usbmodem101: [Errno 2] No such file or directory: '/dev/cu.usbmodem101' ===
[19:30:45.805] === PORT ERROR: SerialException: [Errno 2] could not open port /dev/cu.usbmodem101: [Errno 2] No such file or directory: '/dev/cu.usbmodem101' ===
[19:30:47.812] === PORT ERROR: SerialException: [Errno 2] could not open port /dev/cu.usbmodem101: [Errno 2] No such file or directory: '/dev/cu.usbmodem101' ===
[19:30:49.823] === PORT ERROR: SerialException: [Errno 2] could not open port /dev/cu.usbmodem101: [Errno 2] No such file or directory: '/dev/cu.usbmodem101' ===
[19:30:51.827] === PORT ERROR: SerialException: [Errno 2] could not open port /dev/cu.usbmodem101: [Errno 2] No such file or directory: '/dev/cu.usbmodem101' ===
[19:30:53.835] === PORT ERROR: SerialException: [Errno 2] could not open port /dev/cu.usbmodem101: [Errno 2] No such file or directory: '/dev/cu.usbmodem101' ===
[19:30:55.842] === PORT ERROR: SerialException: [Errno 2] could not open port /dev/cu.usbmodem101: [Errno 2] No such file or directory: '/dev/cu.usbmodem101' ===
[19:30:57.849] === PORT ERROR: SerialException: [Errno 2] could not open port /dev/cu.usbmodem101: [Errno 2] No such file or directory: '/dev/cu.usbmodem101' ===
[19:30:59.857] === PORT ERROR: SerialException: [Errno 2] could not open port /dev/cu.usbmodem101: [Errno 2] No such file or directory: '/dev/cu.usbmodem101' ===
[19:31:01.862] === PORT ERROR: SerialException: [Errno 2] could not open port /dev/cu.usbmodem101: [Errno 2] No such file or directory: '/dev/cu.usbmodem101' ===
[19:31:03.871] === PORT ERROR: SerialException: [Errno 2] could not open port /dev/cu.usbmodem101: [Errno 2] No such file or directory: '/dev/cu.usbmodem101' ===
[19:31:05.879] === PORT ERROR: SerialException: [Errno 2] could not open port /dev/cu.usbmodem101: [Errno 2] No such file or directory: '/dev/cu.usbmodem101' ===
[19:31:07.890] === PORT ERROR: SerialException: [Errno 2] could not open port /dev/cu.usbmodem101: [Errno 2] No such file or directory: '/dev/cu.usbmodem101' ===
[19:31:09.896] === PORT ERROR: SerialException: [Errno 2] could not open port /dev/cu.usbmodem101: [Errno 2] No such file or directory: '/dev/cu.usbmodem101' ===
[19:31:11.902] === PORT ERROR: SerialException: [Errno 2] could not open port /dev/cu.usbmodem101: [Errno 2] No such file or directory: '/dev/cu.usbmodem101' ===
[19:31:13.910] === PORT ERROR: SerialException: [Errno 2] could not open port /dev/cu.usbmodem101: [Errno 2] No such file or directory: '/dev/cu.usbmodem101' ===
[19:31:15.913] === PORT ERROR: SerialException: [Errno 2] could not open port /dev/cu.usbmodem101: [Errno 2] No such file or directory: '/dev/cu.usbmodem101' ===
[19:31:17.920] === PORT ERROR: SerialException: [Errno 2] could not open port /dev/cu.usbmodem101: [Errno 2] No such file or directory: '/dev/cu.usbmodem101' ===
[19:31:19.927] === PORT ERROR: SerialException: [Errno 2] could not open port /dev/cu.usbmodem101: [Errno 2] No such file or directory: '/dev/cu.usbmodem101' ===
[19:31:21.935] === PORT ERROR: SerialException: [Errno 2] could not open port /dev/cu.usbmodem101: [Errno 2] No such file or directory: '/dev/cu.usbmodem101' ===
[19:31:23.939] === PORT ERROR: SerialException: [Errno 2] could not open port /dev/cu.usbmodem101: [Errno 2] No such file or directory: '/dev/cu.usbmodem101' ===
[19:31:25.943] === PORT ERROR: SerialException: [Errno 2] could not open port /dev/cu.usbmodem101: [Errno 2] No such file or directory: '/dev/cu.usbmodem101' ===
[19:31:27.952] === PORT ERROR: SerialException: [Errno 2] could not open port /dev/cu.usbmodem101: [Errno 2] No such file or directory: '/dev/cu.usbmodem101' ===
[19:31:29.959] === PORT ERROR: SerialException: [Errno 2] could not open port /dev/cu.usbmodem101: [Errno 2] No such file or directory: '/dev/cu.usbmodem101' ===
[19:31:31.968] === PORT ERROR: SerialException: [Errno 2] could not open port /dev/cu.usbmodem101: [Errno 2] No such file or directory: '/dev/cu.usbmodem101' ===
[19:31:33.977] === PORT ERROR: SerialException: [Errno 2] could not open port /dev/cu.usbmodem101: [Errno 2] No such file or directory: '/dev/cu.usbmodem101' ===
[19:31:35.988] === PORT ERROR: SerialException: [Errno 2] could not open port /dev/cu.usbmodem101: [Errno 2] No such file or directory: '/dev/cu.usbmodem101' ===
[19:31:37.990] === PORT ERROR: SerialException: [Errno 2] could not open port /dev/cu.usbmodem101: [Errno 2] No such file or directory: '/dev/cu.usbmodem101' ===
[19:31:39.995] === PORT ERROR: SerialException: [Errno 2] could not open port /dev/cu.usbmodem101: [Errno 2] No such file or directory: '/dev/cu.usbmodem101' ===
[19:31:42.003] === PORT ERROR: SerialException: [Errno 2] could not open port /dev/cu.usbmodem101: [Errno 2] No such file or directory: '/dev/cu.usbmodem101' ===
[19:31:44.009] === PORT ERROR: SerialException: [Errno 2] could not open port /dev/cu.usbmodem101: [Errno 2] No such file or directory: '/dev/cu.usbmodem101' ===
[19:31:46.014] === PORT ERROR: SerialException: [Errno 2] could not open port /dev/cu.usbmodem101: [Errno 2] No such file or directory: '/dev/cu.usbmodem101' ===
[19:31:48.024] === PORT ERROR: SerialException: [Errno 2] could not open port /dev/cu.usbmodem101: [Errno 2] No such file or directory: '/dev/cu.usbmodem101' ===
[19:31:50.035] === PORT ERROR: SerialException: [Errno 2] could not open port /dev/cu.usbmodem101: [Errno 2] No such file or directory: '/dev/cu.usbmodem101' ===
[19:31:52.045] === PORT ERROR: SerialException: [Errno 2] could not open port /dev/cu.usbmodem101: [Errno 2] No such file or directory: '/dev/cu.usbmodem101' ===
[19:31:54.054] === PORT ERROR: SerialException: [Errno 2] could not open port /dev/cu.usbmodem101: [Errno 2] No such file or directory: '/dev/cu.usbmodem101' ===
[19:31:56.063] === PORT ERROR: SerialException: [Errno 2] could not open port /dev/cu.usbmodem101: [Errno 2] No such file or directory: '/dev/cu.usbmodem101' ===
[19:31:58.071] === PORT ERROR: SerialException: [Errno 2] could not open port /dev/cu.usbmodem101: [Errno 2] No such file or directory: '/dev/cu.usbmodem101' ===
[19:32:00.077] === PORT ERROR: SerialException: [Errno 2] could not open port /dev/cu.usbmodem101: [Errno 2] No such file or directory: '/dev/cu.usbmodem101' ===
[19:32:02.088] === PORT ERROR: SerialException: [Errno 2] could not open port /dev/cu.usbmodem101: [Errno 2] No such file or directory: '/dev/cu.usbmodem101' ===
[19:32:04.094] === PORT ERROR: SerialException: [Errno 2] could not open port /dev/cu.usbmodem101: [Errno 2] No such file or directory: '/dev/cu.usbmodem101' ===
[19:32:06.100] === PORT ERROR: SerialException: [Errno 2] could not open port /dev/cu.usbmodem101: [Errno 2] No such file or directory: '/dev/cu.usbmodem101' ===
[19:32:08.105] === PORT ERROR: SerialException: [Errno 2] could not open port /dev/cu.usbmodem101: [Errno 2] No such file or directory: '/dev/cu.usbmodem101' ===
[19:32:10.114] === PORT ERROR: SerialException: [Errno 2] could not open port /dev/cu.usbmodem101: [Errno 2] No such file or directory: '/dev/cu.usbmodem101' ===
[19:32:12.120] === PORT ERROR: SerialException: [Errno 2] could not open port /dev/cu.usbmodem101: [Errno 2] No such file or directory: '/dev/cu.usbmodem101' ===
[19:32:14.121] === PORT ERROR: SerialException: [Errno 2] could not open port /dev/cu.usbmodem101: [Errno 2] No such file or directory: '/dev/cu.usbmodem101' ===
[19:32:16.126] === PORT ERROR: SerialException: [Errno 2] could not open port /dev/cu.usbmodem101: [Errno 2] No such file or directory: '/dev/cu.usbmodem101' ===
[19:32:18.130] === PORT ERROR: SerialException: [Errno 2] could not open port /dev/cu.usbmodem101: [Errno 2] No such file or directory: '/dev/cu.usbmodem101' ===
[19:32:20.140] === PORT ERROR: SerialException: [Errno 2] could not open port /dev/cu.usbmodem101: [Errno 2] No such file or directory: '/dev/cu.usbmodem101' ===
[19:32:22.146] === PORT ERROR: SerialException: [Errno 2] could not open port /dev/cu.usbmodem101: [Errno 2] No such file or directory: '/dev/cu.usbmodem101' ===
[19:32:24.155] === PORT ERROR: SerialException: [Errno 2] could not open port /dev/cu.usbmodem101: [Errno 2] No such file or directory: '/dev/cu.usbmodem101' ===
[19:32:26.163] === PORT ERROR: SerialException: [Errno 2] could not open port /dev/cu.usbmodem101: [Errno 2] No such file or directory: '/dev/cu.usbmodem101' ===
[19:32:28.171] === PORT ERROR: SerialException: [Errno 2] could not open port /dev/cu.usbmodem101: [Errno 2] No such file or directory: '/dev/cu.usbmodem101' ===
[19:32:30.182] === PORT ERROR: SerialException: [Errno 2] could not open port /dev/cu.usbmodem101: [Errno 2] No such file or directory: '/dev/cu.usbmodem101' ===
[19:32:32.188] === PORT ERROR: SerialException: [Errno 2] could not open port /dev/cu.usbmodem101: [Errno 2] No such file or directory: '/dev/cu.usbmodem101' ===
[19:32:34.191] === PORT ERROR: SerialException: [Errno 2] could not open port /dev/cu.usbmodem101: [Errno 2] No such file or directory: '/dev/cu.usbmodem101' ===
[19:32:36.201] === PORT ERROR: SerialException: [Errno 2] could not open port /dev/cu.usbmodem101: [Errno 2] No such file or directory: '/dev/cu.usbmodem101' ===
[19:32:38.211] === PORT ERROR: SerialException: [Errno 2] could not open port /dev/cu.usbmodem101: [Errno 2] No such file or directory: '/dev/cu.usbmodem101' ===
[19:32:40.217] === PORT ERROR: SerialException: [Errno 2] could not open port /dev/cu.usbmodem101: [Errno 2] No such file or directory: '/dev/cu.usbmodem101' ===
[19:32:42.227] === PORT ERROR: SerialException: [Errno 2] could not open port /dev/cu.usbmodem101: [Errno 2] No such file or directory: '/dev/cu.usbmodem101' ===
[19:32:44.236] === PORT ERROR: SerialException: [Errno 2] could not open port /dev/cu.usbmodem101: [Errno 2] No such file or directory: '/dev/cu.usbmodem101' ===
[19:32:46.247] === PORT ERROR: SerialException: [Errno 2] could not open port /dev/cu.usbmodem101: [Errno 2] No such file or directory: '/dev/cu.usbmodem101' ===
[19:32:48.254] === PORT ERROR: SerialException: [Errno 2] could not open port /dev/cu.usbmodem101: [Errno 2] No such file or directory: '/dev/cu.usbmodem101' ===
[19:32:50.265] === PORT ERROR: SerialException: [Errno 2] could not open port /dev/cu.usbmodem101: [Errno 2] No such file or directory: '/dev/cu.usbmodem101' ===
[19:32:52.272] === PORT ERROR: SerialException: [Errno 2] could not open port /dev/cu.usbmodem101: [Errno 2] No such file or directory: '/dev/cu.usbmodem101' ===
[19:32:54.283] === PORT ERROR: SerialException: [Errno 2] could not open port /dev/cu.usbmodem101: [Errno 2] No such file or directory: '/dev/cu.usbmodem101' ===
[19:32:56.286] === PORT ERROR: SerialException: [Errno 2] could not open port /dev/cu.usbmodem101: [Errno 2] No such file or directory: '/dev/cu.usbmodem101' ===
[19:32:58.296] === PORT ERROR: SerialException: [Errno 2] could not open port /dev/cu.usbmodem101: [Errno 2] No such file or directory: '/dev/cu.usbmodem101' ===
[19:33:00.305] === PORT ERROR: SerialException: [Errno 2] could not open port /dev/cu.usbmodem101: [Errno 2] No such file or directory: '/dev/cu.usbmodem101' ===
[19:33:02.308] === PORT ERROR: SerialException: [Errno 2] could not open port /dev/cu.usbmodem101: [Errno 2] No such file or directory: '/dev/cu.usbmodem101' ===
[19:33:04.318] === PORT ERROR: SerialException: [Errno 2] could not open port /dev/cu.usbmodem101: [Errno 2] No such file or directory: '/dev/cu.usbmodem101' ===
[19:33:06.327] === PORT ERROR: SerialException: [Errno 2] could not open port /dev/cu.usbmodem101: [Errno 2] No such file or directory: '/dev/cu.usbmodem101' ===
[19:33:08.335] === PORT ERROR: SerialException: [Errno 2] could not open port /dev/cu.usbmodem101: [Errno 2] No such file or directory: '/dev/cu.usbmodem101' ===
[19:33:10.345] === PORT ERROR: SerialException: [Errno 2] could not open port /dev/cu.usbmodem101: [Errno 2] No such file or directory: '/dev/cu.usbmodem101' ===
[19:33:12.350] === PORT ERROR: SerialException: [Errno 2] could not open port /dev/cu.usbmodem101: [Errno 2] No such file or directory: '/dev/cu.usbmodem101' ===
[19:33:14.360] === PORT ERROR: SerialException: [Errno 2] could not open port /dev/cu.usbmodem101: [Errno 2] No such file or directory: '/dev/cu.usbmodem101' ===
[19:33:16.368] === PORT ERROR: SerialException: [Errno 2] could not open port /dev/cu.usbmodem101: [Errno 2] No such file or directory: '/dev/cu.usbmodem101' ===
[19:33:18.377] === PORT ERROR: SerialException: [Errno 2] could not open port /dev/cu.usbmodem101: [Errno 2] No such file or directory: '/dev/cu.usbmodem101' ===
[19:33:20.385] === PORT ERROR: SerialException: [Errno 2] could not open port /dev/cu.usbmodem101: [Errno 2] No such file or directory: '/dev/cu.usbmodem101' ===
[19:33:22.393] === PORT ERROR: SerialException: [Errno 2] could not open port /dev/cu.usbmodem101: [Errno 2] No such file or directory: '/dev/cu.usbmodem101' ===
[19:33:24.401] === PORT ERROR: SerialException: [Errno 2] could not open port /dev/cu.usbmodem101: [Errno 2] No such file or directory: '/dev/cu.usbmodem101' ===
[19:33:26.410] === PORT ERROR: SerialException: [Errno 2] could not open port /dev/cu.usbmodem101: [Errno 2] No such file or directory: '/dev/cu.usbmodem101' ===
[19:33:28.420] === PORT ERROR: SerialException: [Errno 2] could not open port /dev/cu.usbmodem101: [Errno 2] No such file or directory: '/dev/cu.usbmodem101' ===
[19:33:30.430] === PORT ERROR: SerialException: [Errno 2] could not open port /dev/cu.usbmodem101: [Errno 2] No such file or directory: '/dev/cu.usbmodem101' ===
[19:33:32.435] === PORT ERROR: SerialException: [Errno 2] could not open port /dev/cu.usbmodem101: [Errno 2] No such file or directory: '/dev/cu.usbmodem101' ===
[19:33:34.440] === PORT ERROR: SerialException: [Errno 2] could not open port /dev/cu.usbmodem101: [Errno 2] No such file or directory: '/dev/cu.usbmodem101' ===
[19:33:36.451] === PORT ERROR: SerialException: [Errno 2] could not open port /dev/cu.usbmodem101: [Errno 2] No such file or directory: '/dev/cu.usbmodem101' ===
[19:33:38.460] === PORT ERROR: SerialException: [Errno 2] could not open port /dev/cu.usbmodem101: [Errno 2] No such file or directory: '/dev/cu.usbmodem101' ===
[19:33:40.467] === PORT ERROR: SerialException: [Errno 2] could not open port /dev/cu.usbmodem101: [Errno 2] No such file or directory: '/dev/cu.usbmodem101' ===
[19:33:42.472] === PORT ERROR: SerialException: [Errno 2] could not open port /dev/cu.usbmodem101: [Errno 2] No such file or directory: '/dev/cu.usbmodem101' ===
[19:33:44.479] === PORT ERROR: SerialException: [Errno 2] could not open port /dev/cu.usbmodem101: [Errno 2] No such file or directory: '/dev/cu.usbmodem101' ===
[19:33:46.488] === PORT ERROR: SerialException: [Errno 2] could not open port /dev/cu.usbmodem101: [Errno 2] No such file or directory: '/dev/cu.usbmodem101' ===
[19:33:48.497] === PORT ERROR: SerialException: [Errno 2] could not open port /dev/cu.usbmodem101: [Errno 2] No such file or directory: '/dev/cu.usbmodem101' ===
[19:33:50.508] === PORT ERROR: SerialException: [Errno 2] could not open port /dev/cu.usbmodem101: [Errno 2] No such file or directory: '/dev/cu.usbmodem101' ===
[19:33:52.512] === PORT ERROR: SerialException: [Errno 2] could not open port /dev/cu.usbmodem101: [Errno 2] No such file or directory: '/dev/cu.usbmodem101' ===
[19:33:54.521] === PORT ERROR: SerialException: [Errno 2] could not open port /dev/cu.usbmodem101: [Errno 2] No such file or directory: '/dev/cu.usbmodem101' ===
[19:33:56.531] === PORT ERROR: SerialException: [Errno 2] could not open port /dev/cu.usbmodem101: [Errno 2] No such file or directory: '/dev/cu.usbmodem101' ===
[19:33:58.536] === PORT ERROR: SerialException: [Errno 2] could not open port /dev/cu.usbmodem101: [Errno 2] No such file or directory: '/dev/cu.usbmodem101' ===
[19:34:00.542] === PORT ERROR: SerialException: [Errno 2] could not open port /dev/cu.usbmodem101: [Errno 2] No such file or directory: '/dev/cu.usbmodem101' ===
[19:34:02.546] === PORT ERROR: SerialException: [Errno 2] could not open port /dev/cu.usbmodem101: [Errno 2] No such file or directory: '/dev/cu.usbmodem101' ===
[19:34:04.552] === PORT ERROR: SerialException: [Errno 2] could not open port /dev/cu.usbmodem101: [Errno 2] No such file or directory: '/dev/cu.usbmodem101' ===
[19:34:06.559] === PORT ERROR: SerialException: [Errno 2] could not open port /dev/cu.usbmodem101: [Errno 2] No such file or directory: '/dev/cu.usbmodem101' ===
[19:34:08.563] === PORT ERROR: SerialException: [Errno 2] could not open port /dev/cu.usbmodem101: [Errno 2] No such file or directory: '/dev/cu.usbmodem101' ===
[19:34:10.570] === PORT ERROR: SerialException: [Errno 2] could not open port /dev/cu.usbmodem101: [Errno 2] No such file or directory: '/dev/cu.usbmodem101' ===
[19:34:12.576] === PORT ERROR: SerialException: [Errno 2] could not open port /dev/cu.usbmodem101: [Errno 2] No such file or directory: '/dev/cu.usbmodem101' ===
[19:34:14.578] === PORT ERROR: SerialException: [Errno 2] could not open port /dev/cu.usbmodem101: [Errno 2] No such file or directory: '/dev/cu.usbmodem101' ===
[19:34:16.583] === PORT ERROR: SerialException: [Errno 2] could not open port /dev/cu.usbmodem101: [Errno 2] No such file or directory: '/dev/cu.usbmodem101' ===
[19:34:18.584] === PORT ERROR: SerialException: [Errno 2] could not open port /dev/cu.usbmodem101: [Errno 2] No such file or directory: '/dev/cu.usbmodem101' ===
[19:34:20.589] === PORT ERROR: SerialException: [Errno 2] could not open port /dev/cu.usbmodem101: [Errno 2] No such file or directory: '/dev/cu.usbmodem101' ===
[19:34:22.599] === PORT ERROR: SerialException: [Errno 2] could not open port /dev/cu.usbmodem101: [Errno 2] No such file or directory: '/dev/cu.usbmodem101' ===
[19:34:24.606] === PORT ERROR: SerialException: [Errno 2] could not open port /dev/cu.usbmodem101: [Errno 2] No such file or directory: '/dev/cu.usbmodem101' ===
[19:34:26.617] === PORT ERROR: SerialException: [Errno 2] could not open port /dev/cu.usbmodem101: [Errno 2] No such file or directory: '/dev/cu.usbmodem101' ===
[19:34:28.625] === PORT ERROR: SerialException: [Errno 2] could not open port /dev/cu.usbmodem101: [Errno 2] No such file or directory: '/dev/cu.usbmodem101' ===
[19:34:30.629] === PORT ERROR: SerialException: [Errno 2] could not open port /dev/cu.usbmodem101: [Errno 2] No such file or directory: '/dev/cu.usbmodem101' ===
[19:34:32.638] === PORT ERROR: SerialException: [Errno 2] could not open port /dev/cu.usbmodem101: [Errno 2] No such file or directory: '/dev/cu.usbmodem101' ===
[19:34:34.642] === PORT ERROR: SerialException: [Errno 2] could not open port /dev/cu.usbmodem101: [Errno 2] No such file or directory: '/dev/cu.usbmodem101' ===
[19:34:36.651] === PORT ERROR: SerialException: [Errno 2] could not open port /dev/cu.usbmodem101: [Errno 2] No such file or directory: '/dev/cu.usbmodem101' ===
[19:34:38.661] === PORT ERROR: SerialException: [Errno 2] could not open port /dev/cu.usbmodem101: [Errno 2] No such file or directory: '/dev/cu.usbmodem101' ===
[19:34:40.670] === PORT ERROR: SerialException: [Errno 2] could not open port /dev/cu.usbmodem101: [Errno 2] No such file or directory: '/dev/cu.usbmodem101' ===
[19:34:42.671] === PORT ERROR: SerialException: [Errno 2] could not open port /dev/cu.usbmodem101: [Errno 2] No such file or directory: '/dev/cu.usbmodem101' ===
[19:34:44.676] === PORT ERROR: SerialException: [Errno 2] could not open port /dev/cu.usbmodem101: [Errno 2] No such file or directory: '/dev/cu.usbmodem101' ===
[19:34:46.679] === PORT ERROR: SerialException: [Errno 2] could not open port /dev/cu.usbmodem101: [Errno 2] No such file or directory: '/dev/cu.usbmodem101' ===
[19:34:48.687] === PORT ERROR: SerialException: [Errno 2] could not open port /dev/cu.usbmodem101: [Errno 2] No such file or directory: '/dev/cu.usbmodem101' ===
[19:34:50.695] === PORT ERROR: SerialException: [Errno 2] could not open port /dev/cu.usbmodem101: [Errno 2] No such file or directory: '/dev/cu.usbmodem101' ===
[19:34:52.702] === PORT ERROR: SerialException: [Errno 2] could not open port /dev/cu.usbmodem101: [Errno 2] No such file or directory: '/dev/cu.usbmodem101' ===
[19:34:54.712] === PORT ERROR: SerialException: [Errno 2] could not open port /dev/cu.usbmodem101: [Errno 2] No such file or directory: '/dev/cu.usbmodem101' ===
[19:34:56.722] === PORT ERROR: SerialException: [Errno 2] could not open port /dev/cu.usbmodem101: [Errno 2] No such file or directory: '/dev/cu.usbmodem101' ===
[19:34:58.726] === PORT ERROR: SerialException: [Errno 2] could not open port /dev/cu.usbmodem101: [Errno 2] No such file or directory: '/dev/cu.usbmodem101' ===
[19:35:00.733] === PORT ERROR: SerialException: [Errno 2] could not open port /dev/cu.usbmodem101: [Errno 2] No such file or directory: '/dev/cu.usbmodem101' ===
[19:35:02.743] === PORT ERROR: SerialException: [Errno 2] could not open port /dev/cu.usbmodem101: [Errno 2] No such file or directory: '/dev/cu.usbmodem101' ===
[19:35:04.746] === PORT ERROR: SerialException: [Errno 2] could not open port /dev/cu.usbmodem101: [Errno 2] No such file or directory: '/dev/cu.usbmodem101' ===
[19:35:06.754] === PORT ERROR: SerialException: [Errno 2] could not open port /dev/cu.usbmodem101: [Errno 2] No such file or directory: '/dev/cu.usbmodem101' ===
[19:35:08.762] === PORT ERROR: SerialException: [Errno 2] could not open port /dev/cu.usbmodem101: [Errno 2] No such file or directory: '/dev/cu.usbmodem101' ===
[19:35:10.772] === PORT ERROR: SerialException: [Errno 2] could not open port /dev/cu.usbmodem101: [Errno 2] No such file or directory: '/dev/cu.usbmodem101' ===
[19:35:12.775] === PORT ERROR: SerialException: [Errno 2] could not open port /dev/cu.usbmodem101: [Errno 2] No such file or directory: '/dev/cu.usbmodem101' ===
[19:35:14.784] === PORT ERROR: SerialException: [Errno 2] could not open port /dev/cu.usbmodem101: [Errno 2] No such file or directory: '/dev/cu.usbmodem101' ===
[19:35:16.792] === PORT ERROR: SerialException: [Errno 2] could not open port /dev/cu.usbmodem101: [Errno 2] No such file or directory: '/dev/cu.usbmodem101' ===
[19:35:18.802] === PORT ERROR: SerialException: [Errno 2] could not open port /dev/cu.usbmodem101: [Errno 2] No such file or directory: '/dev/cu.usbmodem101' ===
[19:35:20.812] === PORT ERROR: SerialException: [Errno 2] could not open port /dev/cu.usbmodem101: [Errno 2] No such file or directory: '/dev/cu.usbmodem101' ===
[19:35:22.820] === PORT ERROR: SerialException: [Errno 2] could not open port /dev/cu.usbmodem101: [Errno 2] No such file or directory: '/dev/cu.usbmodem101' ===
[19:35:24.829] === PORT ERROR: SerialException: [Errno 2] could not open port /dev/cu.usbmodem101: [Errno 2] No such file or directory: '/dev/cu.usbmodem101' ===
[19:35:26.835] === PORT ERROR: SerialException: [Errno 2] could not open port /dev/cu.usbmodem101: [Errno 2] No such file or directory: '/dev/cu.usbmodem101' ===
[19:35:28.842] === PORT ERROR: SerialException: [Errno 2] could not open port /dev/cu.usbmodem101: [Errno 2] No such file or directory: '/dev/cu.usbmodem101' ===
[19:35:30.847] === PORT ERROR: SerialException: [Errno 2] could not open port /dev/cu.usbmodem101: [Errno 2] No such file or directory: '/dev/cu.usbmodem101' ===
[19:35:32.854] === PORT ERROR: SerialException: [Errno 2] could not open port /dev/cu.usbmodem101: [Errno 2] No such file or directory: '/dev/cu.usbmodem101' ===
[19:35:34.857] === PORT ERROR: SerialException: [Errno 2] could not open port /dev/cu.usbmodem101: [Errno 2] No such file or directory: '/dev/cu.usbmodem101' ===
[19:35:36.859] === PORT ERROR: SerialException: [Errno 2] could not open port /dev/cu.usbmodem101: [Errno 2] No such file or directory: '/dev/cu.usbmodem101' ===
[19:35:38.868] === PORT ERROR: SerialException: [Errno 2] could not open port /dev/cu.usbmodem101: [Errno 2] No such file or directory: '/dev/cu.usbmodem101' ===
[19:35:40.876] === PORT ERROR: SerialException: [Errno 2] could not open port /dev/cu.usbmodem101: [Errno 2] No such file or directory: '/dev/cu.usbmodem101' ===
[19:35:42.885] === PORT ERROR: SerialException: [Errno 2] could not open port /dev/cu.usbmodem101: [Errno 2] No such file or directory: '/dev/cu.usbmodem101' ===
[19:35:44.895] === PORT ERROR: SerialException: [Errno 2] could not open port /dev/cu.usbmodem101: [Errno 2] No such file or directory: '/dev/cu.usbmodem101' ===
[19:35:46.905] === PORT ERROR: SerialException: [Errno 2] could not open port /dev/cu.usbmodem101: [Errno 2] No such file or directory: '/dev/cu.usbmodem101' ===
[19:35:48.910] === PORT ERROR: SerialException: [Errno 2] could not open port /dev/cu.usbmodem101: [Errno 2] No such file or directory: '/dev/cu.usbmodem101' ===
[19:35:50.918] === PORT ERROR: SerialException: [Errno 2] could not open port /dev/cu.usbmodem101: [Errno 2] No such file or directory: '/dev/cu.usbmodem101' ===
[19:35:52.927] === PORT ERROR: SerialException: [Errno 2] could not open port /dev/cu.usbmodem101: [Errno 2] No such file or directory: '/dev/cu.usbmodem101' ===
[19:35:54.938] === PORT ERROR: SerialException: [Errno 2] could not open port /dev/cu.usbmodem101: [Errno 2] No such file or directory: '/dev/cu.usbmodem101' ===
[19:35:56.947] === PORT ERROR: SerialException: [Errno 2] could not open port /dev/cu.usbmodem101: [Errno 2] No such file or directory: '/dev/cu.usbmodem101' ===
[19:35:58.950] === PORT ERROR: SerialException: [Errno 2] could not open port /dev/cu.usbmodem101: [Errno 2] No such file or directory: '/dev/cu.usbmodem101' ===
[19:36:00.957] === PORT ERROR: SerialException: [Errno 2] could not open port /dev/cu.usbmodem101: [Errno 2] No such file or directory: '/dev/cu.usbmodem101' ===
[19:36:02.959] === PORT ERROR: SerialException: [Errno 2] could not open port /dev/cu.usbmodem101: [Errno 2] No such file or directory: '/dev/cu.usbmodem101' ===
[19:36:04.968] === PORT ERROR: SerialException: [Errno 2] could not open port /dev/cu.usbmodem101: [Errno 2] No such file or directory: '/dev/cu.usbmodem101' ===
[19:36:06.975] === PORT ERROR: SerialException: [Errno 2] could not open port /dev/cu.usbmodem101: [Errno 2] No such file or directory: '/dev/cu.usbmodem101' ===
[19:36:08.986] === PORT ERROR: SerialException: [Errno 2] could not open port /dev/cu.usbmodem101: [Errno 2] No such file or directory: '/dev/cu.usbmodem101' ===
[19:36:10.996] === PORT ERROR: SerialException: [Errno 2] could not open port /dev/cu.usbmodem101: [Errno 2] No such file or directory: '/dev/cu.usbmodem101' ===
[19:36:13.007] === PORT ERROR: SerialException: [Errno 2] could not open port /dev/cu.usbmodem101: [Errno 2] No such file or directory: '/dev/cu.usbmodem101' ===
[19:36:15.012] === PORT ERROR: SerialException: [Errno 2] could not open port /dev/cu.usbmodem101: [Errno 2] No such file or directory: '/dev/cu.usbmodem101' ===
[19:36:17.022] === PORT ERROR: SerialException: [Errno 2] could not open port /dev/cu.usbmodem101: [Errno 2] No such file or directory: '/dev/cu.usbmodem101' ===
[19:36:19.033] === PORT ERROR: SerialException: [Errno 2] could not open port /dev/cu.usbmodem101: [Errno 2] No such file or directory: '/dev/cu.usbmodem101' ===
[19:36:21.044] === PORT ERROR: SerialException: [Errno 2] could not open port /dev/cu.usbmodem101: [Errno 2] No such file or directory: '/dev/cu.usbmodem101' ===
[19:36:23.049] === PORT ERROR: SerialException: [Errno 2] could not open port /dev/cu.usbmodem101: [Errno 2] No such file or directory: '/dev/cu.usbmodem101' ===
[19:36:25.060] === PORT ERROR: SerialException: [Errno 2] could not open port /dev/cu.usbmodem101: [Errno 2] No such file or directory: '/dev/cu.usbmodem101' ===
[19:36:27.061] === PORT ERROR: SerialException: [Errno 2] could not open port /dev/cu.usbmodem101: [Errno 2] No such file or directory: '/dev/cu.usbmodem101' ===
[19:36:29.071] === PORT ERROR: SerialException: [Errno 2] could not open port /dev/cu.usbmodem101: [Errno 2] No such file or directory: '/dev/cu.usbmodem101' ===
[19:36:31.081] === PORT ERROR: SerialException: [Errno 2] could not open port /dev/cu.usbmodem101: [Errno 2] No such file or directory: '/dev/cu.usbmodem101' ===
[19:36:33.092] === PORT ERROR: SerialException: [Errno 2] could not open port /dev/cu.usbmodem101: [Errno 2] No such file or directory: '/dev/cu.usbmodem101' ===
[19:36:35.100] === PORT ERROR: SerialException: [Errno 2] could not open port /dev/cu.usbmodem101: [Errno 2] No such file or directory: '/dev/cu.usbmodem101' ===
[19:36:37.102] === PORT ERROR: SerialException: [Errno 2] could not open port /dev/cu.usbmodem101: [Errno 2] No such file or directory: '/dev/cu.usbmodem101' ===
[19:36:39.108] === PORT ERROR: SerialException: [Errno 2] could not open port /dev/cu.usbmodem101: [Errno 2] No such file or directory: '/dev/cu.usbmodem101' ===
[19:36:41.112] === PORT ERROR: SerialException: [Errno 2] could not open port /dev/cu.usbmodem101: [Errno 2] No such file or directory: '/dev/cu.usbmodem101' ===
[19:36:43.122] === PORT ERROR: SerialException: [Errno 2] could not open port /dev/cu.usbmodem101: [Errno 2] No such file or directory: '/dev/cu.usbmodem101' ===
[19:36:45.133] === PORT ERROR: SerialException: [Errno 2] could not open port /dev/cu.usbmodem101: [Errno 2] No such file or directory: '/dev/cu.usbmodem101' ===
[19:36:47.142] === PORT ERROR: SerialException: [Errno 2] could not open port /dev/cu.usbmodem101: [Errno 2] No such file or directory: '/dev/cu.usbmodem101' ===
[19:36:49.149] === PORT ERROR: SerialException: [Errno 2] could not open port /dev/cu.usbmodem101: [Errno 2] No such file or directory: '/dev/cu.usbmodem101' ===
[19:36:51.155] === PORT ERROR: SerialException: [Errno 2] could not open port /dev/cu.usbmodem101: [Errno 2] No such file or directory: '/dev/cu.usbmodem101' ===
[19:36:53.163] === PORT ERROR: SerialException: [Errno 2] could not open port /dev/cu.usbmodem101: [Errno 2] No such file or directory: '/dev/cu.usbmodem101' ===
[19:36:55.165] === PORT ERROR: SerialException: [Errno 2] could not open port /dev/cu.usbmodem101: [Errno 2] No such file or directory: '/dev/cu.usbmodem101' ===
[19:36:57.168] === PORT ERROR: SerialException: [Errno 2] could not open port /dev/cu.usbmodem101: [Errno 2] No such file or directory: '/dev/cu.usbmodem101' ===
[19:36:59.173] === PORT ERROR: SerialException: [Errno 2] could not open port /dev/cu.usbmodem101: [Errno 2] No such file or directory: '/dev/cu.usbmodem101' ===
[19:37:01.175] === PORT ERROR: SerialException: [Errno 2] could not open port /dev/cu.usbmodem101: [Errno 2] No such file or directory: '/dev/cu.usbmodem101' ===
[19:37:03.180] === PORT ERROR: SerialException: [Errno 2] could not open port /dev/cu.usbmodem101: [Errno 2] No such file or directory: '/dev/cu.usbmodem101' ===
[19:37:05.183] === PORT ERROR: SerialException: [Errno 2] could not open port /dev/cu.usbmodem101: [Errno 2] No such file or directory: '/dev/cu.usbmodem101' ===
[19:37:07.188] === PORT ERROR: SerialException: [Errno 2] could not open port /dev/cu.usbmodem101: [Errno 2] No such file or directory: '/dev/cu.usbmodem101' ===
[19:37:09.189] === PORT ERROR: SerialException: [Errno 2] could not open port /dev/cu.usbmodem101: [Errno 2] No such file or directory: '/dev/cu.usbmodem101' ===
[19:37:11.193] === PORT ERROR: SerialException: [Errno 2] could not open port /dev/cu.usbmodem101: [Errno 2] No such file or directory: '/dev/cu.usbmodem101' ===
[19:37:13.197] === PORT ERROR: SerialException: [Errno 2] could not open port /dev/cu.usbmodem101: [Errno 2] No such file or directory: '/dev/cu.usbmodem101' ===
[19:37:15.199] === PORT ERROR: SerialException: [Errno 2] could not open port /dev/cu.usbmodem101: [Errno 2] No such file or directory: '/dev/cu.usbmodem101' ===
[19:37:17.203] === PORT ERROR: SerialException: [Errno 2] could not open port /dev/cu.usbmodem101: [Errno 2] No such file or directory: '/dev/cu.usbmodem101' ===
[19:37:19.207] === PORT ERROR: SerialException: [Errno 2] could not open port /dev/cu.usbmodem101: [Errno 2] No such file or directory: '/dev/cu.usbmodem101' ===
[19:37:21.211] === PORT ERROR: SerialException: [Errno 2] could not open port /dev/cu.usbmodem101: [Errno 2] No such file or directory: '/dev/cu.usbmodem101' ===
[19:37:23.212] === PORT ERROR: SerialException: [Errno 2] could not open port /dev/cu.usbmodem101: [Errno 2] No such file or directory: '/dev/cu.usbmodem101' ===
[19:37:25.214] === PORT ERROR: SerialException: [Errno 2] could not open port /dev/cu.usbmodem101: [Errno 2] No such file or directory: '/dev/cu.usbmodem101' ===
[19:37:27.217] === PORT ERROR: SerialException: [Errno 2] could not open port /dev/cu.usbmodem101: [Errno 2] No such file or directory: '/dev/cu.usbmodem101' ===
[19:37:29.218] === PORT ERROR: SerialException: [Errno 2] could not open port /dev/cu.usbmodem101: [Errno 2] No such file or directory: '/dev/cu.usbmodem101' ===
[19:37:31.223] === PORT ERROR: SerialException: [Errno 2] could not open port /dev/cu.usbmodem101: [Errno 2] No such file or directory: '/dev/cu.usbmodem101' ===
[19:37:33.225] === PORT ERROR: SerialException: [Errno 2] could not open port /dev/cu.usbmodem101: [Errno 2] No such file or directory: '/dev/cu.usbmodem101' ===
[19:37:35.230] === PORT ERROR: SerialException: [Errno 2] could not open port /dev/cu.usbmodem101: [Errno 2] No such file or directory: '/dev/cu.usbmodem101' ===
[19:37:37.235] === PORT ERROR: SerialException: [Errno 2] could not open port /dev/cu.usbmodem101: [Errno 2] No such file or directory: '/dev/cu.usbmodem101' ===
[19:37:39.238] === PORT ERROR: SerialException: [Errno 2] could not open port /dev/cu.usbmodem101: [Errno 2] No such file or directory: '/dev/cu.usbmodem101' ===
[19:37:41.241] === PORT ERROR: SerialException: [Errno 2] could not open port /dev/cu.usbmodem101: [Errno 2] No such file or directory: '/dev/cu.usbmodem101' ===
[19:37:43.246] === PORT ERROR: SerialException: [Errno 2] could not open port /dev/cu.usbmodem101: [Errno 2] No such file or directory: '/dev/cu.usbmodem101' ===
[19:37:45.251] === PORT ERROR: SerialException: [Errno 2] could not open port /dev/cu.usbmodem101: [Errno 2] No such file or directory: '/dev/cu.usbmodem101' ===
[19:37:47.253] === PORT ERROR: SerialException: [Errno 2] could not open port /dev/cu.usbmodem101: [Errno 2] No such file or directory: '/dev/cu.usbmodem101' ===
[19:37:49.255] === PORT ERROR: SerialException: [Errno 2] could not open port /dev/cu.usbmodem101: [Errno 2] No such file or directory: '/dev/cu.usbmodem101' ===
[19:37:51.258] === PORT ERROR: SerialException: [Errno 2] could not open port /dev/cu.usbmodem101: [Errno 2] No such file or directory: '/dev/cu.usbmodem101' ===
[19:37:53.258] === PORT ERROR: SerialException: [Errno 2] could not open port /dev/cu.usbmodem101: [Errno 2] No such file or directory: '/dev/cu.usbmodem101' ===
[19:37:55.259] === PORT ERROR: SerialException: [Errno 2] could not open port /dev/cu.usbmodem101: [Errno 2] No such file or directory: '/dev/cu.usbmodem101' ===
[19:37:57.264] === PORT ERROR: SerialException: [Errno 2] could not open port /dev/cu.usbmodem101: [Errno 2] No such file or directory: '/dev/cu.usbmodem101' ===
[19:37:59.268] === PORT ERROR: SerialException: [Errno 2] could not open port /dev/cu.usbmodem101: [Errno 2] No such file or directory: '/dev/cu.usbmodem101' ===
[19:38:01.273] === PORT ERROR: SerialException: [Errno 2] could not open port /dev/cu.usbmodem101: [Errno 2] No such file or directory: '/dev/cu.usbmodem101' ===
[19:38:03.278] === PORT ERROR: SerialException: [Errno 2] could not open port /dev/cu.usbmodem101: [Errno 2] No such file or directory: '/dev/cu.usbmodem101' ===
[19:38:05.279] === PORT ERROR: SerialException: [Errno 2] could not open port /dev/cu.usbmodem101: [Errno 2] No such file or directory: '/dev/cu.usbmodem101' ===
[19:38:07.283] === PORT ERROR: SerialException: [Errno 2] could not open port /dev/cu.usbmodem101: [Errno 2] No such file or directory: '/dev/cu.usbmodem101' ===
[19:38:09.289] === PORT ERROR: SerialException: [Errno 2] could not open port /dev/cu.usbmodem101: [Errno 2] No such file or directory: '/dev/cu.usbmodem101' ===
[19:38:11.289] === PORT ERROR: SerialException: [Errno 2] could not open port /dev/cu.usbmodem101: [Errno 2] No such file or directory: '/dev/cu.usbmodem101' ===
[19:38:13.294] === PORT ERROR: SerialException: [Errno 2] could not open port /dev/cu.usbmodem101: [Errno 2] No such file or directory: '/dev/cu.usbmodem101' ===
